# Tue Oct  6 11:09:31 2020 -- reformated by PCGen PrettyLST v6.08.00
#SOURCELONG:Planar Adventures	SOURCESHORT:PA	SOURCEWEB:https://paizo.com/products/btpya1am	SOURCEDATE:2018-06
#insert your data here

#Class & Archetype
#Alchemist Archetype


#Ranger Archtype
# Ability Category					Visible		Editable?		Change Pool?	Fractional values?	Category of Object		Type of Object							Plural description for UI			Display Location
ABILITYCATEGORY:Planar Bond Bonus			VISIBLE:QUALIFY	EDITABLE:YES	EDITPOOL:YES	FRACTIONALPOOL:NO		CATEGORY:Special Ability	TYPE:Planar Bond Bonus						PLURAL:Planar Bond Bonuses			DISPLAYLOCATION:Class Features
#ABILITYCATEGORY:Basic Planar Terrains		VISIBLE:QUALIFY	EDITABLE:YES	EDITPOOL:YES	FRACTIONALPOOL:No		CATEGORY:Special Ability	TYPE:Planar Terrains						PLURAL:Planar Terrains				DISPLAYLOCATION:Class Features

#Racial Abilities

#=======
#Aphorite
#=======
ABILITYCATEGORY:Aphorite Racial Trait		VISIBLE:QUALIFY	EDITABLE:YES	EDITPOOL:NO		FRACTIONALPOOL:NO		CATEGORY:Special Ability	TYPE:Aphorite Racial Trait.AphoriteRacialTrait		PLURAL:Aphorite Racial Traits			DISPLAYLOCATION:Racial Abilities
ABILITYCATEGORY:Aphorite Skilled Craft Bonus	VISIBLE:QUALIFY	EDITABLE:YES	EDITPOOL:YES	FRACTIONALPOOL:NO		CATEGORY:Internal			TYPE:Aphorite Skilled Craft Bonus				PLURAL:Aphorite Skilled Craft Bonuses	DISPLAYLOCATION:Racial Abilities
ABILITYCATEGORY:Aphorite Language			VISIBLE:QUALIFY	EDITABLE:YES	EDITPOOL:NO		FRACTIONALPOOL:NO		CATEGORY:Special Ability	TYPE:AphoriteLanguageTrait					PLURAL:Aphorite Languages			DISPLAYLOCATION:Racial Abilities

#==========
#Duskwalker
#==========
ABILITYCATEGORY:Duskwalker Racial Trait		VISIBLE:QUALIFY	EDITABLE:YES	EDITPOOL:NO		FRACTIONALPOOL:NO		CATEGORY:Special Ability	TYPE:Duskwalker Racial Trait.DuskwalkerRacialTrait	PLURAL:Duskwalker Racial Traits		DISPLAYLOCATION:Racial Abilities
ABILITYCATEGORY:Duskwalker Language			VISIBLE:QUALIFY	EDITABLE:YES	EDITPOOL:NO		FRACTIONALPOOL:NO		CATEGORY:Special Ability	TYPE:DuskwalkerLanguageTrait					PLURAL:Duskwalker Languages			DISPLAYLOCATION:Racial Abilities


#=====
#Ganzi
#=====
ABILITYCATEGORY:Ganzi Racial Trait			VISIBLE:QUALIFY	EDITABLE:YES	EDITPOOL:NO		FRACTIONALPOOL:NO		CATEGORY:Special Ability	TYPE:Ganzi Racial Trait.GanziRacialTrait			PLURAL:Ganzi Racial Traits			DISPLAYLOCATION:Racial Abilities
ABILITYCATEGORY:Ganzi Oddity Bonus			VISIBLE:QUALIFY	EDITABLE:YES	EDITPOOL:YES	FRACTIONALPOOL:NO		CATEGORY:Special Ability	TYPE:Ganzi Oddity Bonus						PLURAL:Ganzi Oddity Bonuses			DISPLAYLOCATION:Racial Abilities
ABILITYCATEGORY:Ganzi Language			VISIBLE:QUALIFY	EDITABLE:YES	EDITPOOL:NO		FRACTIONALPOOL:NO		CATEGORY:Special Ability	TYPE:GanziLanguageTrait						PLURAL:Ganzi Languages				DISPLAYLOCATION:Racial Abilities





#Every line that starts with a '#' is a comment. You may want to remove these comments, if you use this file to set up
#your own data. Remember not to put the '#' at the start of your own data, as PCGen would see it as a comment only.
#
#When Running PCGen, you can select "Help > Documentation > List Files > List File Tag Index > Feat File tags" to find
#out how the tags in the feats file work. Some of the tags used here are global tags. You will see an alphabetical
#listing of all PCGen tags to the left of the documentation window. You can find the global tags there as well.
#

#
# Ability Categories
#Example of a SuperSet or Parent
#ABILITYCATEGORY:Special Ability	CATEGORY:Special Ability	EDITABLE:YES	EDITPOOL:NO	FRACTIONALPOOL:NO	VISIBLE:NO
#ABILITYCATEGORY:AbilitybySkill	CATEGORY:AbilitybySkill		EDITABLE:YES	EDITPOOL:NO	FRACTIONALPOOL:NO	POOL:AbilitybySkillPool		VISIBLE:QUALIFY	PLURAL:AbilitybySkills
# No TYPE and Matching ABILITYCATEGORY and CATEGORY names designates these as SUPERSET/PARENT.

#ABILITYCATEGORY:xxx Class Feature	CATEGORY:Special Ability	EDITABLE:YES	EDITPOOL:NO	FRACTIONALPOOL:NO		VISIBLE:QUALIFY	PLURAL:xxx Class Features	DISPLAYLOCATION:Class Features
#ABILITYCATEGORY:xxx Racial Trait	CATEGORY:Special Ability	EDITABLE:YES	EDITPOOL:NO	FRACTIONALPOOL:NO		VISIBLE:QUALIFY	PLURAL:xxx Racial Trait		DISPLAYLOCATION:Racial Abilities
#ABILITYCATEGORY:xxx Race Trait	CATEGORY:Special Ability	EDITABLE:YES	EDITPOOL:NO	FRACTIONALPOOL:NO		VISIBLE:QUALIFY	PLURAL:xxx Race Trait		DISPLAYLOCATION:Racial Abilities




#Examples of a Subset or Child

# VISIBLE TAG will take YES, NO or QUALIFY - QUALIFY won't display the Category unless it has one valid selection or the number is 1 or higher in the pool.
# New tag - DISPLAYLOCATION:<user defined> will allow you to group ABILITIES together in the same "tab"
# New tag - DISPLAYNAME:<user defined> serves the same function as OUTPUTNAME is showing what is displayed
# Using TYPE will populate the category with any ABILITY with a matching type. Example:
# ABILITYCATEGORY:Fighter Feats	CATEGORY:FEAT	TYPE:Fighter
# That will make all the Feats with TYPE:Fighter appear
# The POOL tag allows you to set a variable that will be added to the pool, this must be a valid variable DEFINEd or hardcoded elsewhere

# DONE
#
